// Jest Snapshot v1, https://goo.gl/fbAQLP

exports[`Test un Real Ref should show component 1`] = `
<div>
  <h1>
    Real Ref
  </h1>
  <hr />
  <button
    className="btn btn-primary mt-5"
    onClick={[Function]}
  >
    Show/Hide
  </button>
</div>
`;
