// Jest Snapshot v1, https://goo.gl/fbAQLP

exports[`Test en <Ho /> should show component 1`] = `
<div>
  <h3>
    Hi
  </h3>
</div>
`;
