// Jest Snapshot v1, https://goo.gl/fbAQLP

exports[`Test home screen should show component 1`] = `
<div>
  <h1>
    Home Screen
  </h1>
  <hr />
  <pre>
    {
   "name": "Pedro",
   "email": "pedro@gmail.com"
}
  </pre>
</div>
`;
